GrowingSeason	PlantingDate	PlantingSimDate	HarvestDate	HarvestSimDate	Yield	TotalIrrigation	NetIrrigation	
   1	01/12/1988	     109	10/05/1989	     269	 3.99	110.00	  0.00	
