GrowingSeason	PlantingDate	PlantingSimDate	HarvestDate	HarvestSimDate	Yield	TotalIrrigation	NetIrrigation	
   1	01/11/2004	      62	07/03/2005	     188	 7.63	  0.00	481.25	
