GSeason	Crop	PlantD	PlantSD	HarvestCD	HarvestSD	Yield	TotIrr	
   1	Wheat	01/08/2003	       1	13/11/2003	     105	 7.00	  0.00	
