GrowingSeason	PlantingDate	PlantingSimDate	HarvestDate	HarvestSimDate	Yield	TotalIrrigation	NetIrrigation	
   1	25/04/2001	      56	16/08/2001	     169	11.32	135.00	  0.00	
