GSeason	Crop	PlantD	PlantSD	HarvestCD	HarvestSD	Yield	TotIrr	
   1	Wheat	25/04/2049	      56	08/08/2049	     161	 6.56	  0.00	
