GSeason	Crop	PlantD	PlantSD	HarvestCD	HarvestSD	Yield	TotIrr	
   1	Wheat	01/12/1990	     109	01/06/1991	     291	 8.58	110.00	
