GSeason	Crop	PlantD	PlantSD	HarvestCD	HarvestSD	Yield	TotIrr	
   1	Wheat	25/04/1997	      56	17/08/1997	     170	11.30	  0.00	
