GSeason	Crop	PlantD	PlantSD	HarvestCD	HarvestSD	Yield	TotIrr	
   1	Wheat	25/04/2064	      56	07/08/2064	     160	 9.61	  0.00	
