GSeason	Crop	PlantD	PlantSD	HarvestCD	HarvestSD	Yield	TotIrr	
   1	Wheat	01/12/2001	     109	12/04/2002	     241	 1.68	110.00	
