GSeason	Crop	PlantD	PlantSD	HarvestCD	HarvestSD	Yield	TotIrr	
   1	Wheat	15/10/1988	       1	04/04/1989	     172	 7.85	  0.00	
