GSeason	Crop	PlantD	PlantSD	HarvestCD	HarvestSD	Yield	TotIrr	
   1	Wheat	25/04/2003	       1	08/08/2003	     106	 6.34	  0.00	
