GrowingSeason	PlantingDate	PlantingSimDate	HarvestDate	HarvestSimDate	Yield	TotalIrrigation	NetIrrigation	
   1	25/04/1998	      56	17/08/1998	     170	 9.26	 90.00	  0.00	
