GSeason	Crop	PlantD	PlantSD	HarvestCD	HarvestSD	Yield	TotIrr	
   1	Wheat	25/04/2043	      56	07/08/2043	     160	 6.11	  0.00	
