GrowingSeason	PlantingDate	PlantingSimDate	HarvestDate	HarvestSimDate	Yield	TotalIrrigation	NetIrrigation	
   1	25/04/1998	       1	17/08/1998	     115	 9.51	  0.00	  0.00	
