GrowingSeason	PlantingDate	PlantingSimDate	HarvestDate	HarvestSimDate	Yield	TotalIrrigation	NetIrrigation	
   1	01/12/1989	     109	15/05/1990	     274	 7.57	110.00	  0.00	
