GrowingSeason	PlantingDate	PlantingSimDate	HarvestDate	HarvestSimDate	Yield	TotalIrrigation	NetIrrigation	
   1	25/04/1997	      56	17/08/1997	     170	11.38	150.00	  0.00	
