GSeason	Crop	PlantD	PlantSD	HarvestCD	HarvestSD	Yield	TotIrr	
   1	Wheat	01/08/2007	       1	07/11/2007	      99	 6.19	  0.00	
