GSeason	Crop	PlantD	PlantSD	HarvestCD	HarvestSD	Yield	TotIrr	
   1	Wheat	25/04/2065	      56	11/08/2065	     164	 5.75	  0.00	
