GSeason	Crop	PlantD	PlantSD	HarvestCD	HarvestSD	Yield	TotIrr	
   1	Wheat	15/10/1994	       1	24/03/1995	     161	 8.24	  0.00	
