GrowingSeason	PlantingDate	PlantingSimDate	HarvestDate	HarvestSimDate	Yield	TotalIrrigation	NetIrrigation	
   1	25/04/1976	      56	12/08/1976	     165	 4.66	  0.00	  0.00	
