GrowingSeason	PlantingDate	PlantingSimDate	HarvestDate	HarvestSimDate	Yield	TotalIrrigation	NetIrrigation	
   1	01/12/1998	     109	19/05/1999	     278	 7.89	110.00	  0.00	
