GSeason	Crop	PlantD	PlantSD	HarvestCD	HarvestSD	Yield	TotIrr	
   1	Wheat	25/04/1981	      56	26/08/1981	     179	13.31	  0.00	
