GSeason	Crop	PlantD	PlantSD	HarvestCD	HarvestSD	Yield	TotIrr	
   1	Wheat	25/04/1993	      56	16/08/1993	     169	11.83	135.00	
