GSeason	Crop	PlantD	PlantSD	HarvestCD	HarvestSD	Yield	TotIrr	
   1	Wheat	01/12/1996	     109	13/05/1997	     272	 5.69	110.00	
