GSeason	Crop	PlantD	PlantSD	HarvestCD	HarvestSD	Yield	TotIrr	
   1	Wheat	25/04/1988	      56	22/08/1988	     175	12.97	  0.00	
