GSeason	Crop	PlantD	PlantSD	HarvestCD	HarvestSD	Yield	TotIrr	
   1	Wheat	15/07/2002	       1	24/10/2002	     102	 5.84	  0.00	
