GSeason	Crop	PlantD	PlantSD	HarvestCD	HarvestSD	Yield	TotIrr	
   1	Wheat	15/10/1987	       1	26/03/1988	     164	 7.71	  0.00	
