GSeason	Crop	PlantD	PlantSD	HarvestCD	HarvestSD	Yield	TotIrr	
   1	Wheat	25/04/2050	      56	10/08/2050	     163	10.61	  0.00	
