GrowingSeason	PlantingDate	PlantingSimDate	HarvestDate	HarvestSimDate	Yield	TotalIrrigation	NetIrrigation	
   1	25/04/1985	      56	27/08/1985	     180	11.03	 60.00	  0.00	
