GSeason	Crop	PlantD	PlantSD	HarvestCD	HarvestSD	Yield	TotIrr	
   1	Wheat	01/12/1987	       1	13/05/1988	     165	 8.14	422.66	
