GrowingSeason	PlantingDate	PlantingSimDate	HarvestDate	HarvestSimDate	Yield	TotalIrrigation	NetIrrigation	
   1	15/10/1999	       1	28/03/2000	     166	 7.57	  0.00	  0.00	
