GSeason	Crop	PlantD	PlantSD	HarvestCD	HarvestSD	Yield	TotIrr	
   1	Wheat	01/12/2001	       1	14/05/2002	     165	 8.39	441.90	
