GrowingSeason	PlantingDate	PlantingSimDate	HarvestDate	HarvestSimDate	Yield	TotalIrrigation	NetIrrigation	
   1	25/04/1990	      56	16/08/1990	     169	10.20	135.00	  0.00	
