GSeason	Crop	PlantD	PlantSD	HarvestCD	HarvestSD	Yield	TotIrr	
   1	Wheat	01/12/1994	     109	17/05/1995	     276	 6.75	110.00	
