GSeason	Crop	PlantD	PlantSD	HarvestCD	HarvestSD	Yield	TotIrr	
   1	Wheat	01/08/2006	       1	07/11/2006	      99	 6.69	  0.00	
