GSeason	Crop	PlantD	PlantSD	HarvestCD	HarvestSD	Yield	TotIrr	
   1	Wheat	25/04/2000	       1	17/08/2000	     115	11.48	  0.00	
