GSeason	Crop	PlantD	PlantSD	HarvestCD	HarvestSD	Yield	TotIrr	
   1	Wheat	25/04/2001	       1	16/08/2001	     114	 9.89	  0.00	
